ACML example: dot product of two complex vectors using cdotu
------------------------------------------------------------

Vector x:  ( 1.0000, 2.0000)
 ( 2.0000, 1.0000)
 ( 1.0000, 3.0000)
Vector y:  ( 3.0000, 1.0000)
 ( 1.0000, 4.0000)
 ( 1.0000, 2.0000)
r = x.y = (      -6.000,      21.000)
