
 ACML example: FFT of a complex sequence using CFFT1D
 ----------------------------------------------------

   Generated Plan       Default Plan
   Real      Imag      Real      Imag
 ( 1.8675, 1.2374)   ( 1.8675, 1.2374)
 ( 0.0919, 0.3587)   ( 0.0919, 0.3587)
 (-0.0791, 0.2799)   (-0.0791, 0.2799)
 (-0.1575, 0.2240)   (-0.1575, 0.2240)
 (-0.2243, 0.1768)   (-0.2243, 0.1768)
 (-0.3040, 0.1295)   (-0.3040, 0.1295)
 (-0.4327, 0.0737)   (-0.4327, 0.0737)
 (-0.7617,-0.0052)   (-0.7617,-0.0052)

