
ACML example: DRANDINITIALIZE and DRANDUNIFORM
----------------------------------------------

Numbers from a uniform U(0,1) distribution:
    0.6416    0.5516    0.2852    0.3752
    0.2618    0.5148    0.5048    0.6239
    0.6155    0.5263    0.4899    0.2464
